../Core/Src/main.c:118:1:__io_putchar	16	static
../Core/Src/main.c:129:6:I2C_ScanAddresses	16	static
../Core/Src/main.c:149:6:delay_us	24	static
../Core/Src/main.c:155:6:LCD_DATA	32	static
../Core/Src/main.c:170:6:LCD_CMD	32	static
../Core/Src/main.c:184:6:LCD_CMD_4bit	32	static
../Core/Src/main.c:192:6:LCD_INIT	8	static
../Core/Src/main.c:208:6:LCD_XY	16	static
../Core/Src/main.c:215:6:LCD_CLEAR	8	static
../Core/Src/main.c:220:6:LCD_PUTS	16	static
../Core/Src/main.c:223:6:DHT11_SetPinOutput	24	static
../Core/Src/main.c:232:6:DHT11_SetPinInput	24	static
../Core/Src/main.c:240:6:DHT11_SetPin	16	static
../Core/Src/main.c:244:15:DHT11_ReadPin	8	static
../Core/Src/main.c:248:6:DHT11_DelayUs	16	static
../Core/Src/main.c:253:9:DHT11_Start	16	static
../Core/Src/main.c:288:9:DHT11_ReadBit	8	static
../Core/Src/main.c:305:9:DHT11_ReadByte	24	static
../Core/Src/main.c:313:9:DHT11_ReadData	24	static
../Core/Src/main.c:341:5:main	8	static
../Core/Src/main.c:415:6:SystemClock_Config	72	static
../Core/Src/main.c:454:13:MX_I2C1_Init	8	static
../Core/Src/main.c:488:13:MX_TIM2_Init	32	static
../Core/Src/main.c:533:13:MX_USART2_UART_Init	8	static
../Core/Src/main.c:566:13:MX_GPIO_Init	40	static
../Core/Src/main.c:612:6:Error_Handler	4	static,ignoring_inline_asm
