../Core/Src/main.c:93:1:__io_putchar	16	static
../Core/Src/main.c:104:6:DHT11_SetPinOutput	24	static
../Core/Src/main.c:113:6:DHT11_SetPinInput	24	static
../Core/Src/main.c:121:6:DHT11_SetPin	16	static
../Core/Src/main.c:125:15:DHT11_ReadPin	8	static
../Core/Src/main.c:129:6:DHT11_DelayUs	16	static
../Core/Src/main.c:134:9:DHT11_Start	16	static
../Core/Src/main.c:169:9:DHT11_ReadBit	8	static
../Core/Src/main.c:186:9:DHT11_ReadByte	24	static
../Core/Src/main.c:194:9:DHT11_ReadData	24	static
../Core/Src/main.c:222:5:main	8	static
../Core/Src/main.c:287:6:SystemClock_Config	72	static
../Core/Src/main.c:326:13:MX_TIM2_Init	32	static
../Core/Src/main.c:371:13:MX_USART2_UART_Init	8	static
../Core/Src/main.c:404:13:MX_GPIO_Init	40	static
../Core/Src/main.c:456:6:Error_Handler	4	static,ignoring_inline_asm
